Archive member included to satisfy reference by file (symbol)

/opt/st/stm32cubeide_1.16.1/plugins/com.st.stm32cube.ide.mcu.externaltools.gnu-tools-for-stm32.12.3.rel1.linux64_1.0.200.202406132123/tools/bin/../lib/gcc/arm-none-eabi/12.3.1/../../../../arm-none-eabi/lib/thumb/v7e-m+dp/hard/libc_nano.a(libc_a-exit.o)
                              /opt/st/stm32cubeide_1.16.1/plugins/com.st.stm32cube.ide.mcu.externaltools.gnu-tools-for-stm32.12.3.rel1.linux64_1.0.200.202406132123/tools/bin/../lib/gcc/arm-none-eabi/12.3.1/../../../../arm-none-eabi/lib/thumb/v7e-m+dp/hard/crt0.o (exit)
/opt/st/stm32cubeide_1.16.1/plugins/com.st.stm32cube.ide.mcu.externaltools.gnu-tools-for-stm32.12.3.rel1.linux64_1.0.200.202406132123/tools/bin/../lib/gcc/arm-none-eabi/12.3.1/../../../../arm-none-eabi/lib/thumb/v7e-m+dp/hard/libc_nano.a(libc_a-findfp.o)
                              /opt/st/stm32cubeide_1.16.1/plugins/com.st.stm32cube.ide.mcu.externaltools.gnu-tools-for-stm32.12.3.rel1.linux64_1.0.200.202406132123/tools/bin/../lib/gcc/arm-none-eabi/12.3.1/../../../../arm-none-eabi/lib/thumb/v7e-m+dp/hard/libc_nano.a(libc_a-exit.o) (__stdio_exit_handler)
/opt/st/stm32cubeide_1.16.1/plugins/com.st.stm32cube.ide.mcu.externaltools.gnu-tools-for-stm32.12.3.rel1.linux64_1.0.200.202406132123/tools/bin/../lib/gcc/arm-none-eabi/12.3.1/../../../../arm-none-eabi/lib/thumb/v7e-m+dp/hard/libc_nano.a(libc_a-fwalk.o)
                              /opt/st/stm32cubeide_1.16.1/plugins/com.st.stm32cube.ide.mcu.externaltools.gnu-tools-for-stm32.12.3.rel1.linux64_1.0.200.202406132123/tools/bin/../lib/gcc/arm-none-eabi/12.3.1/../../../../arm-none-eabi/lib/thumb/v7e-m+dp/hard/libc_nano.a(libc_a-findfp.o) (_fwalk_sglue)
/opt/st/stm32cubeide_1.16.1/plugins/com.st.stm32cube.ide.mcu.externaltools.gnu-tools-for-stm32.12.3.rel1.linux64_1.0.200.202406132123/tools/bin/../lib/gcc/arm-none-eabi/12.3.1/../../../../arm-none-eabi/lib/thumb/v7e-m+dp/hard/libc_nano.a(libc_a-stdio.o)
                              /opt/st/stm32cubeide_1.16.1/plugins/com.st.stm32cube.ide.mcu.externaltools.gnu-tools-for-stm32.12.3.rel1.linux64_1.0.200.202406132123/tools/bin/../lib/gcc/arm-none-eabi/12.3.1/../../../../arm-none-eabi/lib/thumb/v7e-m+dp/hard/libc_nano.a(libc_a-findfp.o) (__sread)
/opt/st/stm32cubeide_1.16.1/plugins/com.st.stm32cube.ide.mcu.externaltools.gnu-tools-for-stm32.12.3.rel1.linux64_1.0.200.202406132123/tools/bin/../lib/gcc/arm-none-eabi/12.3.1/../../../../arm-none-eabi/lib/thumb/v7e-m+dp/hard/libc_nano.a(libc_a-memset.o)
                              /opt/st/stm32cubeide_1.16.1/plugins/com.st.stm32cube.ide.mcu.externaltools.gnu-tools-for-stm32.12.3.rel1.linux64_1.0.200.202406132123/tools/bin/../lib/gcc/arm-none-eabi/12.3.1/../../../../arm-none-eabi/lib/thumb/v7e-m+dp/hard/crt0.o (memset)
/opt/st/stm32cubeide_1.16.1/plugins/com.st.stm32cube.ide.mcu.externaltools.gnu-tools-for-stm32.12.3.rel1.linux64_1.0.200.202406132123/tools/bin/../lib/gcc/arm-none-eabi/12.3.1/../../../../arm-none-eabi/lib/thumb/v7e-m+dp/hard/libc_nano.a(libc_a-closer.o)
                              /opt/st/stm32cubeide_1.16.1/plugins/com.st.stm32cube.ide.mcu.externaltools.gnu-tools-for-stm32.12.3.rel1.linux64_1.0.200.202406132123/tools/bin/../lib/gcc/arm-none-eabi/12.3.1/../../../../arm-none-eabi/lib/thumb/v7e-m+dp/hard/libc_nano.a(libc_a-stdio.o) (_close_r)
/opt/st/stm32cubeide_1.16.1/plugins/com.st.stm32cube.ide.mcu.externaltools.gnu-tools-for-stm32.12.3.rel1.linux64_1.0.200.202406132123/tools/bin/../lib/gcc/arm-none-eabi/12.3.1/../../../../arm-none-eabi/lib/thumb/v7e-m+dp/hard/libc_nano.a(libc_a-reent.o)
                              /opt/st/stm32cubeide_1.16.1/plugins/com.st.stm32cube.ide.mcu.externaltools.gnu-tools-for-stm32.12.3.rel1.linux64_1.0.200.202406132123/tools/bin/../lib/gcc/arm-none-eabi/12.3.1/../../../../arm-none-eabi/lib/thumb/v7e-m+dp/hard/libc_nano.a(libc_a-closer.o) (errno)
/opt/st/stm32cubeide_1.16.1/plugins/com.st.stm32cube.ide.mcu.externaltools.gnu-tools-for-stm32.12.3.rel1.linux64_1.0.200.202406132123/tools/bin/../lib/gcc/arm-none-eabi/12.3.1/../../../../arm-none-eabi/lib/thumb/v7e-m+dp/hard/libc_nano.a(libc_a-impure.o)
                              /opt/st/stm32cubeide_1.16.1/plugins/com.st.stm32cube.ide.mcu.externaltools.gnu-tools-for-stm32.12.3.rel1.linux64_1.0.200.202406132123/tools/bin/../lib/gcc/arm-none-eabi/12.3.1/../../../../arm-none-eabi/lib/thumb/v7e-m+dp/hard/libc_nano.a(libc_a-reent.o) (_impure_ptr)
/opt/st/stm32cubeide_1.16.1/plugins/com.st.stm32cube.ide.mcu.externaltools.gnu-tools-for-stm32.12.3.rel1.linux64_1.0.200.202406132123/tools/bin/../lib/gcc/arm-none-eabi/12.3.1/../../../../arm-none-eabi/lib/thumb/v7e-m+dp/hard/libc_nano.a(libc_a-lseekr.o)
                              /opt/st/stm32cubeide_1.16.1/plugins/com.st.stm32cube.ide.mcu.externaltools.gnu-tools-for-stm32.12.3.rel1.linux64_1.0.200.202406132123/tools/bin/../lib/gcc/arm-none-eabi/12.3.1/../../../../arm-none-eabi/lib/thumb/v7e-m+dp/hard/libc_nano.a(libc_a-stdio.o) (_lseek_r)
[...]
Memory Configuration

Name             Origin             Length             Attributes
ITCMRAM          0x00000000         0x00010000         xrw
DTCMRAM          0x20000000         0x00020000         xrw
FLASH            0x08000000         0x00100000         xr
RAM_D1           0x24000000         0x00050000         xrw
RAM_D2           0x30000000         0x00008000         xrw
RAM_D3           0x38000000         0x00004000         xrw
*default*        0x00000000         0xffffffff

Linker script and memory map

LOAD /opt/st/stm32cubeide_1.16.1/plugins/com.st.stm32cube.ide.mcu.externaltools.gnu-tools-for-stm32.12.3.rel1.linux64_1.0.200.202406132123/tools/bin/../lib/gcc/arm-none-eabi/12.3.1/thumb/v7e-m+dp/hard/crti.o
LOAD /opt/st/stm32cubeide_1.16.1/plugins/com.st.stm32cube.ide.mcu.externaltools.gnu-tools-for-stm32.12.3.rel1.linux64_1.0.200.202406132123/tools/bin/../lib/gcc/arm-none-eabi/12.3.1/thumb/v7e-m+dp/hard/crtbegin.o
LOAD /opt/st/stm32cubeide_1.16.1/plugins/com.st.stm32cube.ide.mcu.externaltools.gnu-tools-for-stm32.12.3.rel1.linux64_1.0.200.202406132123/tools/bin/../lib/gcc/arm-none-eabi/12.3.1/../../../../arm-none-eabi/lib/thumb/v7e-m+dp/hard/crt0.o
LOAD ./Core/Src/main.o
LOAD ./Core/Src/stm32h7xx_hal_msp.o
LOAD ./Core/Src/stm32h7xx_it.o
LOAD ./Core/Src/syscalls.o
LOAD ./Core/Src/sysmem.o
LOAD ./Core/Src/system_stm32h7xx.o
LOAD ./Core/Startup/startup_stm32h723zgtx.o
LOAD ./Drivers/STM32H7xx_HAL_Driver/Src/stm32h7xx_hal.o
LOAD ./Drivers/STM32H7xx_HAL_Driver/Src/stm32h7xx_hal_cortex.o
LOAD ./Drivers/STM32H7xx_HAL_Driver/Src/stm32h7xx_hal_dma.o
LOAD ./Drivers/STM32H7xx_HAL_Driver/Src/stm32h7xx_hal_dma_ex.o
LOAD ./Drivers/STM32H7xx_HAL_Driver/Src/stm32h7xx_hal_eth.o
LOAD ./Drivers/STM32H7xx_HAL_Driver/Src/stm32h7xx_hal_eth_ex.o
LOAD ./Drivers/STM32H7xx_HAL_Driver/Src/stm32h7xx_hal_exti.o
LOAD ./Drivers/STM32H7xx_HAL_Driver/Src/stm32h7xx_hal_flash.o
LOAD ./Drivers/STM32H7xx_HAL_Driver/Src/stm32h7xx_hal_flash_ex.o
LOAD ./Drivers/STM32H7xx_HAL_Driver/Src/stm32h7xx_hal_gpio.o
LOAD ./Drivers/STM32H7xx_HAL_Driver/Src/stm32h7xx_hal_hsem.o
LOAD ./Drivers/STM32H7xx_HAL_Driver/Src/stm32h7xx_hal_i2c.o
LOAD ./Drivers/STM32H7xx_HAL_Driver/Src/stm32h7xx_hal_i2c_ex.o
LOAD ./Drivers/STM32H7xx_HAL_Driver/Src/stm32h7xx_hal_mdma.o
LOAD ./Drivers/STM32H7xx_HAL_Driver/Src/stm32h7xx_hal_pwr.o
LOAD ./Drivers/STM32H7xx_HAL_Driver/Src/stm32h7xx_hal_pwr_ex.o
LOAD ./Drivers/STM32H7xx_HAL_Driver/Src/stm32h7xx_hal_rcc.o
LOAD ./Drivers/STM32H7xx_HAL_Driver/Src/stm32h7xx_hal_rcc_ex.o
LOAD ./Drivers/STM32H7xx_HAL_Driver/Src/stm32h7xx_hal_tim.o
LOAD ./Drivers/STM32H7xx_HAL_Driver/Src/stm32h7xx_hal_tim_ex.o
LOAD ./Drivers/STM32H7xx_HAL_Driver/Src/stm32h7xx_hal_uart.o
LOAD ./Drivers/STM32H7xx_HAL_Driver/Src/stm32h7xx_hal_uart_ex.o
START GROUP
LOAD /opt/st/stm32cubeide_1.16.1/plugins/com.st.stm32cube.ide.mcu.externaltools.gnu-tools-for-stm32.12.3.rel1.linux64_1.0.200.202406132123/tools/bin/../lib/gcc/arm-none-eabi/12.3.1/../../../../arm-none-eabi/lib/thumb/v7e-m+dp/hard/libstdc++_nano.a
LOAD /opt/st/stm32cubeide_1.16.1/plugins/com.st.stm32cube.ide.mcu.externaltools.gnu-tools-for-stm32.12.3.rel1.linux64_1.0.200.202406132123/tools/bin/../lib/gcc/arm-none-eabi/12.3.1/../../../../arm-none-eabi/lib/thumb/v7e-m+dp/hard/libsupc++_nano.a
END GROUP
LOAD /opt/st/stm32cubeide_1.16.1/plugins/com.st.stm32cube.ide.mcu.externaltools.gnu-tools-for-stm32.12.3.rel1.linux64_1.0.200.202406132123/tools/bin/../lib/gcc/arm-none-eabi/12.3.1/../../../../arm-none-eabi/lib/thumb/v7e-m+dp/hard/libstdc++_nano.a
LOAD /opt/st/stm32cubeide_1.16.1/plugins/com.st.stm32cube.ide.mcu.externaltools.gnu-tools-for-stm32.12.3.rel1.linux64_1.0.200.202406132123/tools/bin/../lib/gcc/arm-none-eabi/12.3.1/../../../../arm-none-eabi/lib/thumb/v7e-m+dp/hard/libm.a
LOAD /opt/st/stm32cubeide_1.16.1/plugins/com.st.stm32cube.ide.mcu.externaltools.gnu-tools-for-stm32.12.3.rel1.linux64_1.0.200.202406132123/tools/bin/../lib/gcc/arm-none-eabi/12.3.1/../../../../arm-none-eabi/lib/thumb/v7e-m+dp/hard/libc_nano.a
START GROUP
LOAD /opt/st/stm32cubeide_1.16.1/plugins/com.st.stm32cube.ide.mcu.externaltools.gnu-tools-for-stm32.12.3.rel1.linux64_1.0.200.202406132123/tools/bin/../lib/gcc/arm-none-eabi/12.3.1/thumb/v7e-m+dp/hard/libgcc.a
LOAD /opt/st/stm32cubeide_1.16.1/plugins/com.st.stm32cube.ide.mcu.externaltools.gnu-tools-for-stm32.12.3.rel1.linux64_1.0.200.202406132123/tools/bin/../lib/gcc/arm-none-eabi/12.3.1/../../../../arm-none-eabi/lib/thumb/v7e-m+dp/hard/libc_nano.a
END GROUP
START GROUP
LOAD /opt/st/stm32cubeide_1.16.1/plugins/com.st.stm32cube.ide.mcu.externaltools.gnu-tools-for-stm32.12.3.rel1.linux64_1.0.200.202406132123/tools/bin/../lib/gcc/arm-none-eabi/12.3.1/thumb/v7e-m+dp/hard/libgcc.a
LOAD /opt/st/stm32cubeide_1.16.1/plugins/com.st.stm32cube.ide.mcu.externaltools.gnu-tools-for-stm32.12.3.rel1.linux64_1.0.200.202406132123/tools/bin/../lib/gcc/arm-none-eabi/12.3.1/../../../../arm-none-eabi/lib/thumb/v7e-m+dp/hard/libc_nano.a
LOAD /opt/st/stm32cubeide_1.16.1/plugins/com.st.stm32cube.ide.mcu.externaltools.gnu-tools-for-stm32.12.3.rel1.linux64_1.0.200.202406132123/tools/bin/../lib/gcc/arm-none-eabi/12.3.1/../../../../arm-none-eabi/lib/thumb/v7e-m+dp/hard/libnosys.a
END GROUP
START GROUP
LOAD /opt/st/stm32cubeide_1.16.1/plugins/com.st.stm32cube.ide.mcu.externaltools.gnu-tools-for-stm32.12.3.rel1.linux64_1.0.200.202406132123/tools/bin/../lib/gcc/arm-none-eabi/12.3.1/thumb/v7e-m+dp/hard/libgcc.a
LOAD /opt/st/stm32cubeide_1.16.1/plugins/com.st.stm32cube.ide.mcu.externaltools.gnu-tools-for-stm32.12.3.rel1.linux64_1.0.200.202406132123/tools/bin/../lib/gcc/arm-none-eabi/12.3.1/../../../../arm-none-eabi/lib/thumb/v7e-m+dp/hard/libc_nano.a
LOAD /opt/st/stm32cubeide_1.16.1/plugins/com.st.stm32cube.ide.mcu.externaltools.gnu-tools-for-stm32.12.3.rel1.linux64_1.0.200.202406132123/tools/bin/../lib/gcc/arm-none-eabi/12.3.1/../../../../arm-none-eabi/lib/thumb/v7e-m+dp/hard/libnosys.a
END GROUP
LOAD /opt/st/stm32cubeide_1.16.1/plugins/com.st.stm32cube.ide.mcu.externaltools.gnu-tools-for-stm32.12.3.rel1.linux64_1.0.200.202406132123/tools/bin/../lib/gcc/arm-none-eabi/12.3.1/thumb/v7e-m+dp/hard/crtend.o
LOAD /opt/st/stm32cubeide_1.16.1/plugins/com.st.stm32cube.ide.mcu.externaltools.gnu-tools-for-stm32.12.3.rel1.linux64_1.0.200.202406132123/tools/bin/../lib/gcc/arm-none-eabi/12.3.1/thumb/v7e-m+dp/hard/crtn.o
                0x24050000                        _estack = (ORIGIN (RAM_D1) + LENGTH (RAM_D1))
                0x00000200                        _Min_Heap_Size = 0x200
                0x00000400                        _Min_Stack_Size = 0x400

.isr_vector     0x08000000      0x2cc
                0x08000000                        . = ALIGN (0x4)
 *(.isr_vector)
 .isr_vector    0x08000000      0x2cc ./Core/Startup/startup_stm32h723zgtx.o
                0x08000000                g_pfnVectors
                0x080002cc                        . = ALIGN (0x4)

.text           0x080002cc     0x622c
                0x080002cc                        . = ALIGN (0x4)
 *(.text)
 .text          0x080002cc       0x40 /opt/st/stm32cubeide_1.16.1/plugins/com.st.stm32cube.ide.mcu.externaltools.gnu-tools-for-stm32.12.3.rel1.linux64_1.0.200.202406132123/tools/bin/../lib/gcc/arm-none-eabi/12.3.1/thumb/v7e-m+dp/hard/crtbegin.o
 .text          0x0800030c       0x30 /opt/st/stm32cubeide_1.16.1/plugins/com.st.stm32cube.ide.mcu.externaltools.gnu-tools-for-stm32.12.3.rel1.linux64_1.0.200.202406132123/tools/bin/../lib/gcc/arm-none-eabi/12.3.1/thumb/v7e-m+dp/hard/libgcc.a(_aeabi_uldivmod.o)
                0x0800030c                __aeabi_uldivmod
 .text          0x0800033c      0x2bc /opt/st/stm32cubeide_1.16.1/plugins/com.st.stm32cube.ide.mcu.externaltools.gnu-tools-for-stm32.12.3.rel1.linux64_1.0.200.202406132123/tools/bin/../lib/gcc/arm-none-eabi/12.3.1/thumb/v7e-m+dp/hard/libgcc.a(_udivmoddi4.o)
                0x0800033c                __udivmoddi4
 .text          0x080005f8        0x4 /opt/st/stm32cubeide_1.16.1/plugins/com.st.stm32cube.ide.mcu.externaltools.gnu-tools-for-stm32.12.3.rel1.linux64_1.0.200.202406132123/tools/bin/../lib/gcc/arm-none-eabi/12.3.1/thumb/v7e-m+dp/hard/libgcc.a(_dvmd_tls.o)
                0x080005f8                __aeabi_ldiv0
                0x080005f8                __aeabi_idiv0
 *(.text*)
 .text.main     0x080005fc       0x30 ./Core/Src/main.o
                0x080005fc                main
 .text._Z18SystemClock_Configv
                0x0800062c      0x100 ./Core/Src/main.o
                0x0800062c                SystemClock_Config()
 .text._ZL11MX_ETH_Initv
                0x0800072c       0xa4 ./Core/Src/main.o
 .text._ZL12MX_I2C1_Initv
                0x080007d0       0x9c ./Core/Src/main.o
 .text._ZL12MX_I2C2_Initv
                0x0800086c       0x9c ./Core/Src/main.o
 .text._ZL12MX_I2C4_Initv
                0x08000908       0x9c ./Core/Src/main.o
 .text._ZL13MX_UART5_Initv
                0x080009a4       0xc0 ./Core/Src/main.o
 .text._ZL19MX_USART3_UART_Initv
                0x08000a64       0xc0 ./Core/Src/main.o
 .text._ZL22MX_USB_OTG_HS_USB_Initv
                0x08000b24        0xe ./Core/Src/main.o
 *fill*         0x08000b32        0x2 
 .text._ZL12MX_GPIO_Initv
                0x08000b34      0x214 ./Core/Src/main.o
 .text.Error_Handler
                0x08000d48        0xc ./Core/Src/main.o
                0x08000d48                Error_Handler
 .text.HAL_MspInit
                0x08000d54       0x34 ./Core/Src/stm32h7xx_hal_msp.o
                0x08000d54                HAL_MspInit
 .text.HAL_ETH_MspInit
                0x08000d88      0x19c ./Core/Src/stm32h7xx_hal_msp.o
                0x08000d88                HAL_ETH_MspInit
 .text.HAL_I2C_MspInit
                0x08000f24      0x210 ./Core/Src/stm32h7xx_hal_msp.o
                0x08000f24                HAL_I2C_MspInit
 .text.HAL_UART_MspInit
                0x08001134      0x1c4 ./Core/Src/stm32h7xx_hal_msp.o
                0x08001134                HAL_UART_MspInit
 .text.NMI_Handler
                0x080012f8        0x8 ./Core/Src/stm32h7xx_it.o
                0x080012f8                NMI_Handler
 .text.HardFault_Handler
                0x08001300        0x8 ./Core/Src/stm32h7xx_it.o
                0x08001300                HardFault_Handler
 .text.MemManage_Handler
                0x08001308        0x8 ./Core/Src/stm32h7xx_it.o
                0x08001308                MemManage_Handler
 .text.BusFault_Handler
                0x08001310        0x8 ./Core/Src/stm32h7xx_it.o
                0x08001310                BusFault_Handler
 .text.UsageFault_Handler
                0x08001318        0x8 ./Core/Src/stm32h7xx_it.o
                0x08001318                UsageFault_Handler
 .text.SVC_Handler
                0x08001320        0xe ./Core/Src/stm32h7xx_it.o
                0x08001320                SVC_Handler
 .text.DebugMon_Handler
                0x0800132e        0xe ./Core/Src/stm32h7xx_it.o
                0x0800132e                DebugMon_Handler
 .text.PendSV_Handler
                0x0800133c        0xe ./Core/Src/stm32h7xx_it.o
                0x0800133c                PendSV_Handler
 .text.SysTick_Handler
                0x0800134a        0xc ./Core/Src/stm32h7xx_it.o
                0x0800134a                SysTick_Handler
 *fill*         0x08001356        0x2 
 .text.SystemInit
                0x08001358       0xf0 ./Core/Src/system_stm32h7xx.o
                0x08001358                SystemInit
 .text.Reset_Handler
                0x08001448       0x50 ./Core/Startup/startup_stm32h723zgtx.o
                0x08001448                Reset_Handler
 .text.Default_Handler
                0x08001498        0x2 ./Core/Startup/startup_stm32h723zgtx.o
                0x08001498                RTC_Alarm_IRQHandler
                0x08001498                EXTI2_IRQHandler
                0x08001498                TIM8_CC_IRQHandler
                0x08001498                UART8_IRQHandler
                0x08001498                SPI4_IRQHandler
                0x08001498                FDCAN3_IT0_IRQHandler
                0x08001498                TIM1_CC_IRQHandler
                0x08001498                BDMA_Channel6_IRQHandler
                0x08001498                DMA2_Stream5_IRQHandler
                0x08001498                DMA1_Stream5_IRQHandler
                0x08001498                CORDIC_IRQHandler
                0x08001498                BDMA_Channel1_IRQHandler
                0x08001498                TAMP_STAMP_IRQHandler
                0x08001498                EXTI3_IRQHandler
                0x08001498                LPTIM4_IRQHandler
                0x08001498                TIM8_TRG_COM_TIM14_IRQHandler
                0x08001498                LPTIM2_IRQHandler
                0x08001498                DFSDM1_FLT1_IRQHandler
                0x08001498                DMAMUX2_OVR_IRQHandler
                0x08001498                TIM8_UP_TIM13_IRQHandler
                0x08001498                I2C3_ER_IRQHandler
                0x08001498                DFSDM1_FLT2_IRQHandler
                0x08001498                I2C5_EV_IRQHandler
                0x08001498                USART10_IRQHandler
                0x08001498                MDMA_IRQHandler
                0x08001498                LPTIM3_IRQHandler
                0x08001498                HSEM1_IRQHandler
                0x08001498                EXTI0_IRQHandler
                0x08001498                I2C2_EV_IRQHandler
                0x08001498                DMA1_Stream2_IRQHandler
                0x08001498                FPU_IRQHandler
                0x08001498                OTG_HS_WKUP_IRQHandler
                0x08001498                FDCAN1_IT1_IRQHandler
                0x08001498                LTDC_ER_IRQHandler
                0x08001498                DMA2_Stream2_IRQHandler
                0x08001498                SPI1_IRQHandler
                0x08001498                OCTOSPI1_IRQHandler
                0x08001498                TIM6_DAC_IRQHandler
                0x08001498                DMA2_Stream3_IRQHandler
                0x08001498                OCTOSPI2_IRQHandler
                0x08001498                DFSDM1_FLT3_IRQHandler
                0x08001498                TIM23_IRQHandler
                0x08001498                USART6_IRQHandler
                0x08001498                TIM17_IRQHandler
                0x08001498                USART3_IRQHandler
                0x08001498                BDMA_Channel7_IRQHandler
                0x08001498                LPTIM5_IRQHandler
                0x08001498                UART5_IRQHandler
                0x08001498                ADC3_IRQHandler
                0x08001498                DMA2_Stream0_IRQHandler
                0x08001498                TIM4_IRQHandler
                0x08001498                BDMA_Channel2_IRQHandler
                0x08001498                I2C1_EV_IRQHandler
                0x08001498                DMA1_Stream6_IRQHandler
                0x08001498                DMAMUX1_OVR_IRQHandler
                0x08001498                DMA1_Stream1_IRQHandler
                0x08001498                TIM16_IRQHandler
                0x08001498                UART4_IRQHandler
                0x08001498                BDMA_Channel5_IRQHandler
                0x08001498                TIM3_IRQHandler
                0x08001498                RCC_IRQHandler
                0x08001498                UART9_IRQHandler
                0x08001498                TIM8_BRK_TIM12_IRQHandler
                0x08001498                TIM1_TRG_COM_IRQHandler
                0x08001498                Default_Handler
                0x08001498                ECC_IRQHandler
                0x08001498                FMAC_IRQHandler
                0x08001498                CEC_IRQHandler
                0x08001498                EXTI15_10_IRQHandler
                0x08001498                BDMA_Channel0_IRQHandler
                0x08001498                ADC_IRQHandler
                0x08001498                I2C5_ER_IRQHandler
                0x08001498                DMA1_Stream7_IRQHandler
                0x08001498                SPI5_IRQHandler
                0x08001498                TIM7_IRQHandler
                0x08001498                FDCAN3_IT1_IRQHandler
                0x08001498                SDMMC1_IRQHandler
                0x08001498                TIM5_IRQHandler
                0x08001498                DMA2_Stream7_IRQHandler
                0x08001498                TIM15_IRQHandler
                0x08001498                PVD_AVD_IRQHandler
                0x08001498                I2C3_EV_IRQHandler
                0x08001498                EXTI9_5_IRQHandler
                0x08001498                RTC_WKUP_IRQHandler
                0x08001498                LTDC_IRQHandler
                0x08001498                ETH_WKUP_IRQHandler
                0x08001498                SPDIF_RX_IRQHandler
                0x08001498                SPI2_IRQHandler
                0x08001498                OTG_HS_EP1_IN_IRQHandler
                0x08001498                DMA1_Stream0_IRQHandler
                0x08001498                TIM24_IRQHandler
                0x08001498                CRS_IRQHandler
                0x08001498                EXTI4_IRQHandler
                0x08001498                RNG_IRQHandler
                0x08001498                FDCAN2_IT1_IRQHandler
                0x08001498                ETH_IRQHandler
                0x08001498                TIM1_UP_IRQHandler
                0x08001498                BDMA_Channel4_IRQHandler
                0x08001498                OTG_HS_EP1_OUT_IRQHandler
                0x08001498                WWDG_IRQHandler
                0x08001498                SPI6_IRQHandler
                0x08001498                MDIOS_IRQHandler
                0x08001498                I2C4_EV_IRQHandler
                0x08001498                FDCAN2_IT0_IRQHandler
                0x08001498                LPUART1_IRQHandler
                0x08001498                FDCAN1_IT0_IRQHandler
                0x08001498                TIM2_IRQHandler
                0x08001498                OTG_HS_IRQHandler
                0x08001498                DMA2D_IRQHandler
                0x08001498                TIM1_BRK_IRQHandler
                0x08001498                EXTI1_IRQHandler
                0x08001498                SDMMC2_IRQHandler
                0x08001498                BDMA_Channel3_IRQHandler
                0x08001498                DTS_IRQHandler
                0x08001498                UART7_IRQHandler
                0x08001498                MDIOS_WKUP_IRQHandler
                0x08001498                USART2_IRQHandler
                0x08001498                DFSDM1_FLT0_IRQHandler
                0x08001498                SAI4_IRQHandler
                0x08001498                I2C2_ER_IRQHandler
                0x08001498                DMA2_Stream1_IRQHandler
                0x08001498                FLASH_IRQHandler
                0x08001498                DMA2_Stream4_IRQHandler
                0x08001498                USART1_IRQHandler
                0x08001498                SPI3_IRQHandler
                0x08001498                WAKEUP_PIN_IRQHandler
                0x08001498                DMA1_Stream4_IRQHandler
                0x08001498                I2C1_ER_IRQHandler
                0x08001498                FMC_IRQHandler
                0x08001498                FDCAN_CAL_IRQHandler
                0x08001498                SWPMI1_IRQHandler
                0x08001498                COMP1_IRQHandler
                0x08001498                LPTIM1_IRQHandler
                0x08001498                DCMI_PSSI_IRQHandler
                0x08001498                I2C4_ER_IRQHandler
                0x08001498                DMA2_Stream6_IRQHandler
                0x08001498                SAI1_IRQHandler
                0x08001498                DMA1_Stream3_IRQHandler
 *fill*         0x0800149a        0x2 
 .text.HAL_Init
                0x0800149c       0x78 ./Drivers/STM32H7xx_HAL_Driver/Src/stm32h7xx_hal.o
                0x0800149c                HAL_Init
 .text.HAL_InitTick
                0x08001514       0x6c ./Drivers/STM32H7xx_HAL_Driver/Src/stm32h7xx_hal.o
                0x08001514                HAL_InitTick
 .text.HAL_IncTick
                0x08001580       0x28 ./Drivers/STM32H7xx_HAL_Driver/Src/stm32h7xx_hal.o
                0x08001580                HAL_IncTick
 .text.HAL_GetTick
                0x080015a8       0x18 ./Drivers/STM32H7xx_HAL_Driver/Src/stm32h7xx_hal.o
                0x080015a8                HAL_GetTick
 .text.HAL_SYSCFG_ETHInterfaceSelect
                0x080015c0       0x28 ./Drivers/STM32H7xx_HAL_Driver/Src/stm32h7xx_hal.o
                0x080015c0                HAL_SYSCFG_ETHInterfaceSelect
 .text.__NVIC_SetPriorityGrouping
                0x080015e8       0x48 ./Drivers/STM32H7xx_HAL_Driver/Src/stm32h7xx_hal_cortex.o
 .text.__NVIC_GetPriorityGrouping
                0x08001630       0x1c ./Drivers/STM32H7xx_HAL_Driver/Src/stm32h7xx_hal_cortex.o
 .text.__NVIC_SetPriority
                0x0800164c       0x54 ./Drivers/STM32H7xx_HAL_Driver/Src/stm32h7xx_hal_cortex.o
 .text.NVIC_EncodePriority
                0x080016a0       0x66 ./Drivers/STM32H7xx_HAL_Driver/Src/stm32h7xx_hal_cortex.o
 *fill*         0x08001706        0x2 
 .text.SysTick_Config
                0x08001708       0x44 ./Drivers/STM32H7xx_HAL_Driver/Src/stm32h7xx_hal_cortex.o
 .text.HAL_NVIC_SetPriorityGrouping
                0x0800174c       0x16 ./Drivers/STM32H7xx_HAL_Driver/Src/stm32h7xx_hal_cortex.o
                0x0800174c                HAL_NVIC_SetPriorityGrouping
 .text.HAL_NVIC_SetPriority
                0x08001762       0x34 ./Drivers/STM32H7xx_HAL_Driver/Src/stm32h7xx_hal_cortex.o
                0x08001762                HAL_NVIC_SetPriority
 .text.HAL_SYSTICK_Config
                0x08001796       0x18 ./Drivers/STM32H7xx_HAL_Driver/Src/stm32h7xx_hal_cortex.o
                0x08001796                HAL_SYSTICK_Config
 *fill*         0x080017ae        0x2 
 .text.HAL_ETH_Init
                0x080017b0      0x1fc ./Drivers/STM32H7xx_HAL_Driver/Src/stm32h7xx_hal_eth.o
                0x080017b0                HAL_ETH_Init
 .text.HAL_ETH_SetMDIOClockRange
                0x080019ac       0xa0 ./Drivers/STM32H7xx_HAL_Driver/Src/stm32h7xx_hal_eth.o
                0x080019ac                HAL_ETH_SetMDIOClockRange
 .text.ETH_SetMACConfig
                0x08001a4c      0x238 ./Drivers/STM32H7xx_HAL_Driver/Src/stm32h7xx_hal_eth.o
 .text.ETH_SetDMAConfig
                0x08001c84      0x10c ./Drivers/STM32H7xx_HAL_Driver/Src/stm32h7xx_hal_eth.o
 .text.ETH_MACDMAConfig
                0x08001d90      0x13a ./Drivers/STM32H7xx_HAL_Driver/Src/stm32h7xx_hal_eth.o
 .text.ETH_DMATxDescListInit
                0x08001eca       0x92 ./Drivers/STM32H7xx_HAL_Driver/Src/stm32h7xx_hal_eth.o
 .text.ETH_DMARxDescListInit
                0x08001f5c       0xba ./Drivers/STM32H7xx_HAL_Driver/Src/stm32h7xx_hal_eth.o
 *fill*         0x08002016        0x2 
 .text.HAL_GPIO_Init
                0x08002018      0x350 ./Drivers/STM32H7xx_HAL_Driver/Src/stm32h7xx_hal_gpio.o
                0x08002018                HAL_GPIO_Init
 .text.HAL_GPIO_WritePin
                0x08002368       0x32 ./Drivers/STM32H7xx_HAL_Driver/Src/stm32h7xx_hal_gpio.o
                0x08002368                HAL_GPIO_WritePin
 *fill*         0x0800239a        0x2 
 .text.HAL_I2C_Init
                0x0800239c      0x138 ./Drivers/STM32H7xx_HAL_Driver/Src/stm32h7xx_hal_i2c.o
                0x0800239c                HAL_I2C_Init
 .text.HAL_I2CEx_ConfigAnalogFilter
                0x080024d4       0x96 ./Drivers/STM32H7xx_HAL_Driver/Src/stm32h7xx_hal_i2c_ex.o
                0x080024d4                HAL_I2CEx_ConfigAnalogFilter
 .text.HAL_I2CEx_ConfigDigitalFilter
                0x0800256a       0x98 ./Drivers/STM32H7xx_HAL_Driver/Src/stm32h7xx_hal_i2c_ex.o
                0x0800256a                HAL_I2CEx_ConfigDigitalFilter
 *fill*         0x08002602        0x2 
 .text.HAL_PWREx_ConfigSupply
                0x08002604       0x74 ./Drivers/STM32H7xx_HAL_Driver/Src/stm32h7xx_hal_pwr_ex.o
                0x08002604                HAL_PWREx_ConfigSupply
 .text.HAL_RCC_OscConfig
                0x08002678      0x7b4 ./Drivers/STM32H7xx_HAL_Driver/Src/stm32h7xx_hal_rcc.o
                0x08002678                HAL_RCC_OscConfig
 .text.HAL_RCC_ClockConfig
                0x08002e2c      0x36c ./Drivers/STM32H7xx_HAL_Driver/Src/stm32h7xx_hal_rcc.o
                0x08002e2c                HAL_RCC_ClockConfig
 .text.HAL_RCC_GetSysClockFreq
                0x08003198      0x2f4 ./Drivers/STM32H7xx_HAL_Driver/Src/stm32h7xx_hal_rcc.o
                0x08003198                HAL_RCC_GetSysClockFreq
 .text.HAL_RCC_GetHCLKFreq
                0x0800348c       0x60 ./Drivers/STM32H7xx_HAL_Driver/Src/stm32h7xx_hal_rcc.o
                0x0800348c                HAL_RCC_GetHCLKFreq
 .text.HAL_RCC_GetPCLK1Freq
                0x080034ec       0x2c ./Drivers/STM32H7xx_HAL_Driver/Src/stm32h7xx_hal_rcc.o
                0x080034ec                HAL_RCC_GetPCLK1Freq
 .text.HAL_RCC_GetPCLK2Freq
                0x08003518       0x2c ./Drivers/STM32H7xx_HAL_Driver/Src/stm32h7xx_hal_rcc.o
                0x08003518                HAL_RCC_GetPCLK2Freq
 .text.HAL_RCCEx_PeriphCLKConfig
                0x08003544     0x1340 ./Drivers/STM32H7xx_HAL_Driver/Src/stm32h7xx_hal_rcc_ex.o
                0x08003544                HAL_RCCEx_PeriphCLKConfig
 .text.HAL_RCCEx_GetD3PCLK1Freq
                0x08004884       0x2c ./Drivers/STM32H7xx_HAL_Driver/Src/stm32h7xx_hal_rcc_ex.o
                0x08004884                HAL_RCCEx_GetD3PCLK1Freq
 .text.HAL_RCCEx_GetPLL2ClockFreq
                0x080048b0      0x2a8 ./Drivers/STM32H7xx_HAL_Driver/Src/stm32h7xx_hal_rcc_ex.o
                0x080048b0                HAL_RCCEx_GetPLL2ClockFreq
 .text.HAL_RCCEx_GetPLL3ClockFreq
                0x08004b58      0x2a8 ./Drivers/STM32H7xx_HAL_Driver/Src/stm32h7xx_hal_rcc_ex.o
                0x08004b58                HAL_RCCEx_GetPLL3ClockFreq
 .text.RCCEx_PLL2_Config
                0x08004e00      0x164 ./Drivers/STM32H7xx_HAL_Driver/Src/stm32h7xx_hal_rcc_ex.o
 .text.RCCEx_PLL3_Config
                0x08004f64      0x164 ./Drivers/STM32H7xx_HAL_Driver/Src/stm32h7xx_hal_rcc_ex.o
 .text.HAL_UART_Init
                0x080050c8       0xa0 ./Drivers/STM32H7xx_HAL_Driver/Src/stm32h7xx_hal_uart.o
                0x080050c8                HAL_UART_Init
 .text.UART_SetConfig
                0x08005168      0xcd8 ./Drivers/STM32H7xx_HAL_Driver/Src/stm32h7xx_hal_uart.o
                0x08005168                UART_SetConfig
 .text.UART_AdvFeatureConfig
                0x08005e40      0x144 ./Drivers/STM32H7xx_HAL_Driver/Src/stm32h7xx_hal_uart.o
                0x08005e40                UART_AdvFeatureConfig
 .text.UART_CheckIdleState
                0x08005f84      0x154 ./Drivers/STM32H7xx_HAL_Driver/Src/stm32h7xx_hal_uart.o
                0x08005f84                UART_CheckIdleState
 .text.UART_WaitOnFlagUntilTimeout
                0x080060d8       0xda ./Drivers/STM32H7xx_HAL_Driver/Src/stm32h7xx_hal_uart.o
                0x080060d8                UART_WaitOnFlagUntilTimeout
 *fill*         0x080061b2        0x2 
 .text.UART_EndRxTransfer
                0x080061b4       0xcc ./Drivers/STM32H7xx_HAL_Driver/Src/stm32h7xx_hal_uart.o
 .text.HAL_UARTEx_DisableFifoMode
                0x08006280       0x72 ./Drivers/STM32H7xx_HAL_Driver/Src/stm32h7xx_hal_uart_ex.o
                0x08006280                HAL_UARTEx_DisableFifoMode
 .text.HAL_UARTEx_SetTxFifoThreshold
                0x080062f2       0x7c ./Drivers/STM32H7xx_HAL_Driver/Src/stm32h7xx_hal_uart_ex.o
                0x080062f2                HAL_UARTEx_SetTxFifoThreshold
 .text.HAL_UARTEx_SetRxFifoThreshold
                0x0800636e       0x7c ./Drivers/STM32H7xx_HAL_Driver/Src/stm32h7xx_hal_uart_ex.o
                0x0800636e                HAL_UARTEx_SetRxFifoThreshold
 *fill*         0x080063ea        0x2 
 .text.UARTEx_SetNbDataToProcess
                0x080063ec       0x9c ./Drivers/STM32H7xx_HAL_Driver/Src/stm32h7xx_hal_uart_ex.o
 .text.memset   0x08006488       0x10 /opt/st/stm32cubeide_1.16.1/plugins/com.st.stm32cube.ide.mcu.externaltools.gnu-tools-for-stm32.12.3.rel1.linux64_1.0.200.202406132123/tools/bin/../lib/gcc/arm-none-eabi/12.3.1/../../../../arm-none-eabi/lib/thumb/v7e-m+dp/hard/libc_nano.a(libc_a-memset.o)
                0x08006488                memset
 .text.__libc_init_array
                0x08006498       0x48 /opt/st/stm32cubeide_1.16.1/plugins/com.st.stm32cube.ide.mcu.externaltools.gnu-tools-for-stm32.12.3.rel1.linux64_1.0.200.202406132123/tools/bin/../lib/gcc/arm-none-eabi/12.3.1/../../../../arm-none-eabi/lib/thumb/v7e-m+dp/hard/libc_nano.a(libc_a-init.o)
                0x08006498                __libc_init_array
 *(.glue_7)
 .glue_7        0x080064e0        0x0 linker stubs
 *(.glue_7t)
 .glue_7t       0x080064e0        0x0 linker stubs
 *(.eh_frame)
 .eh_frame      0x080064e0        0x0 /opt/st/stm32cubeide_1.16.1/plugins/com.st.stm32cube.ide.mcu.externaltools.gnu-tools-for-stm32.12.3.rel1.linux64_1.0.200.202406132123/tools/bin/../lib/gcc/arm-none-eabi/12.3.1/thumb/v7e-m+dp/hard/crtbegin.o
 *(.init)
 .init          0x080064e0        0x4 /opt/st/stm32cubeide_1.16.1/plugins/com.st.stm32cube.ide.mcu.externaltools.gnu-tools-for-stm32.12.3.rel1.linux64_1.0.200.202406132123/tools/bin/../lib/gcc/arm-none-eabi/12.3.1/thumb/v7e-m+dp/hard/crti.o
                0x080064e0                _init
 .init          0x080064e4        0x8 /opt/st/stm32cubeide_1.16.1/plugins/com.st.stm32cube.ide.mcu.externaltools.gnu-tools-for-stm32.12.3.rel1.linux64_1.0.200.202406132123/tools/bin/../lib/gcc/arm-none-eabi/12.3.1/thumb/v7e-m+dp/hard/crtn.o
 *(.fini)
 .fini          0x080064ec        0x4 /opt/st/stm32cubeide_1.16.1/plugins/com.st.stm32cube.ide.mcu.externaltools.gnu-tools-for-stm32.12.3.rel1.linux64_1.0.200.202406132123/tools/bin/../lib/gcc/arm-none-eabi/12.3.1/thumb/v7e-m+dp/hard/crti.o
                0x080064ec                _fini
 .fini          0x080064f0        0x8 /opt/st/stm32cubeide_1.16.1/plugins/com.st.stm32cube.ide.mcu.externaltools.gnu-tools-for-stm32.12.3.rel1.linux64_1.0.200.202406132123/tools/bin/../lib/gcc/arm-none-eabi/12.3.1/thumb/v7e-m+dp/hard/crtn.o
                0x080064f8                        . = ALIGN (0x4)
                0x080064f8                        _etext = .

.vfp11_veneer   0x080064f8        0x0
 .vfp11_veneer  0x080064f8        0x0 linker stubs

.v4_bx          0x080064f8        0x0
 .v4_bx         0x080064f8        0x0 linker stubs

.iplt           0x080064f8        0x0
 .iplt          0x080064f8        0x0 /opt/st/stm32cubeide_1.16.1/plugins/com.st.stm32cube.ide.mcu.externaltools.gnu-tools-for-stm32.12.3.rel1.linux64_1.0.200.202406132123/tools/bin/../lib/gcc/arm-none-eabi/12.3.1/thumb/v7e-m+dp/hard/crtbegin.o

.rodata         0x080064f8       0x38
                0x080064f8                        . = ALIGN (0x4)
 *(.rodata)
 *(.rodata*)
 .rodata.D1CorePrescTable
                0x080064f8       0x10 ./Core/Src/system_stm32h7xx.o
                0x080064f8                D1CorePrescTable
 .rodata.UARTPrescTable
                0x08006508       0x18 ./Drivers/STM32H7xx_HAL_Driver/Src/stm32h7xx_hal_uart.o
                0x08006508                UARTPrescTable
 .rodata.numerator.1
                0x08006520        0x8 ./Drivers/STM32H7xx_HAL_Driver/Src/stm32h7xx_hal_uart_ex.o
 .rodata.denominator.0
                0x08006528        0x8 ./Drivers/STM32H7xx_HAL_Driver/Src/stm32h7xx_hal_uart_ex.o
                0x08006530                        . = ALIGN (0x4)

.ARM.extab
 *(.ARM.extab* .gnu.linkonce.armextab.*)

.ARM            0x08006530        0x8
                0x08006530                        __exidx_start = .
 *(.ARM.exidx*)
 .ARM.exidx     0x08006530        0x8 /opt/st/stm32cubeide_1.16.1/plugins/com.st.stm32cube.ide.mcu.externaltools.gnu-tools-for-stm32.12.3.rel1.linux64_1.0.200.202406132123/tools/bin/../lib/gcc/arm-none-eabi/12.3.1/thumb/v7e-m+dp/hard/libgcc.a(_udivmoddi4.o)
                0x08006538                        __exidx_end = .

.preinit_array  0x08006538        0x0
                0x08006538                        PROVIDE (__preinit_array_start = .)
 *(.preinit_array*)
                0x08006538                        PROVIDE (__preinit_array_end = .)

.init_array     0x08006538        0x4
                0x08006538                        PROVIDE (__init_array_start = .)
 *(SORT_BY_NAME(.init_array.*))
 *(.init_array*)
 .init_array    0x08006538        0x4 /opt/st/stm32cubeide_1.16.1/plugins/com.st.stm32cube.ide.mcu.externaltools.gnu-tools-for-stm32.12.3.rel1.linux64_1.0.200.202406132123/tools/bin/../lib/gcc/arm-none-eabi/12.3.1/thumb/v7e-m+dp/hard/crtbegin.o
                0x0800653c                        PROVIDE (__init_array_end = .)

.fini_array     0x0800653c        0x4
                [!provide]                        PROVIDE (__fini_array_start = .)
 *(SORT_BY_NAME(.fini_array.*))
 *(.fini_array*)
 .fini_array    0x0800653c        0x4 /opt/st/stm32cubeide_1.16.1/plugins/com.st.stm32cube.ide.mcu.externaltools.gnu-tools-for-stm32.12.3.rel1.linux64_1.0.200.202406132123/tools/bin/../lib/gcc/arm-none-eabi/12.3.1/thumb/v7e-m+dp/hard/crtbegin.o
                [!provide]                        PROVIDE (__fini_array_end = .)
                0x08006540                        _sidata = LOADADDR (.data)

.rel.dyn        0x08006540        0x0
 .rel.iplt      0x08006540        0x0 /opt/st/stm32cubeide_1.16.1/plugins/com.st.stm32cube.ide.mcu.externaltools.gnu-tools-for-stm32.12.3.rel1.linux64_1.0.200.202406132123/tools/bin/../lib/gcc/arm-none-eabi/12.3.1/thumb/v7e-m+dp/hard/crtbegin.o

.data           0x24000000       0x10 load address 0x08006540
                0x24000000                        . = ALIGN (0x4)
                0x24000000                        _sdata = .
 *(.data)
 *(.data*)
 .data.SystemCoreClock
                0x24000000        0x4 ./Core/Src/system_stm32h7xx.o
                0x24000000                SystemCoreClock
 .data.SystemD2Clock
                0x24000004        0x4 ./Core/Src/system_stm32h7xx.o
                0x24000004                SystemD2Clock
 .data.uwTickPrio
                0x24000008        0x4 ./Drivers/STM32H7xx_HAL_Driver/Src/stm32h7xx_hal.o
                0x24000008                uwTickPrio
 .data.uwTickFreq
                0x2400000c        0x1 ./Drivers/STM32H7xx_HAL_Driver/Src/stm32h7xx_hal.o
                0x2400000c                uwTickFreq
 *(.RamFunc)
 *(.RamFunc*)
                0x24000010                        . = ALIGN (0x4)
 *fill*         0x2400000d        0x3 
                0x24000010                        _edata = .

.igot.plt       0x24000010        0x0 load address 0x08006550
 .igot.plt      0x24000010        0x0 /opt/st/stm32cubeide_1.16.1/plugins/com.st.stm32cube.ide.mcu.externaltools.gnu-tools-for-stm32.12.3.rel1.linux64_1.0.200.202406132123/tools/bin/../lib/gcc/arm-none-eabi/12.3.1/thumb/v7e-m+dp/hard/crtbegin.o

.RxDecripSection
                0x24000010       0x60 load address 0x08006550
 .RxDecripSection
                0x24000010       0x60 ./Core/Src/main.o
                0x24000010                DMARxDscrTab

.TxDecripSection
                0x24000070       0x60 load address 0x080065b0
 .TxDecripSection
                0x24000070       0x60 ./Core/Src/main.o
                0x24000070                DMATxDscrTab
                0x240000d0                        . = ALIGN (0x4)

.bss            0x240000d0      0x334 load address 0x08006610
                0x240000d0                        _sbss = .
                0x240000d0                        __bss_start__ = _sbss
 *(.bss)
 .bss           0x240000d0       0x1c /opt/st/stm32cubeide_1.16.1/plugins/com.st.stm32cube.ide.mcu.externaltools.gnu-tools-for-stm32.12.3.rel1.linux64_1.0.200.202406132123/tools/bin/../lib/gcc/arm-none-eabi/12.3.1/thumb/v7e-m+dp/hard/crtbegin.o
 *(.bss*)
 .bss.TxConfig  0x240000ec       0x38 ./Core/Src/main.o
                0x240000ec                TxConfig
 .bss.heth      0x24000124       0xb0 ./Core/Src/main.o
                0x24000124                heth
 .bss.hi2c1     0x240001d4       0x54 ./Core/Src/main.o
                0x240001d4                hi2c1
 .bss.hi2c2     0x24000228       0x54 ./Core/Src/main.o
                0x24000228                hi2c2
 .bss.hi2c4     0x2400027c       0x54 ./Core/Src/main.o
                0x2400027c                hi2c4
 .bss.huart5    0x240002d0       0x94 ./Core/Src/main.o
                0x240002d0                huart5
 .bss.huart3    0x24000364       0x94 ./Core/Src/main.o
                0x24000364                huart3
 .bss._ZZL11MX_ETH_InitvE7MACAddr
                0x240003f8        0x6 ./Core/Src/main.o
 *fill*         0x240003fe        0x2 
 .bss.uwTick    0x24000400        0x4 ./Drivers/STM32H7xx_HAL_Driver/Src/stm32h7xx_hal.o
                0x24000400                uwTick
 *(COMMON)
                0x24000404                        . = ALIGN (0x4)
                0x24000404                        _ebss = .
                0x24000404                        __bss_end__ = _ebss

._user_heap_stack
                0x24000404      0x604 load address 0x08006610
                0x24000408                        . = ALIGN (0x8)
 *fill*         0x24000404        0x4 
                [!provide]                        PROVIDE (end = .)
                0x24000408                        PROVIDE (_end = .)
                0x24000608                        . = (. + _Min_Heap_Size)
 *fill*         0x24000408      0x200 
                0x24000a08                        . = (. + _Min_Stack_Size)
 *fill*         0x24000608      0x400 
                0x24000a08                        . = ALIGN (0x8)

/DISCARD/
 libc.a(*)
 libm.a(*)
 libgcc.a(*)

.ARM.attributes
                0x00000000       0x2e
 *(.ARM.attributes)
 .ARM.attributes
                0x00000000       0x20 /opt/st/stm32cubeide_1.16.1/plugins/com.st.stm32cube.ide.mcu.externaltools.gnu-tools-for-stm32.12.3.rel1.linux64_1.0.200.202406132123/tools/bin/../lib/gcc/arm-none-eabi/12.3.1/thumb/v7e-m+dp/hard/crti.o
 .ARM.attributes
                0x00000020       0x32 /opt/st/stm32cubeide_1.16.1/plugins/com.st.stm32cube.ide.mcu.externaltools.gnu-tools-for-stm32.12.3.rel1.linux64_1.0.200.202406132123/tools/bin/../lib/gcc/arm-none-eabi/12.3.1/thumb/v7e-m+dp/hard/crtbegin.o
 .ARM.attributes
                0x00000052       0x32 ./Core/Src/main.o
 .ARM.attributes
                0x00000084       0x32 ./Core/Src/stm32h7xx_hal_msp.o
 .ARM.attributes
                0x000000b6       0x32 ./Core/Src/stm32h7xx_it.o
 .ARM.attributes
                0x000000e8       0x32 ./Core/Src/system_stm32h7xx.o
 .ARM.attributes
                0x0000011a       0x21 ./Core/Startup/startup_stm32h723zgtx.o
 .ARM.attributes
                0x0000013b       0x32 ./Drivers/STM32H7xx_HAL_Driver/Src/stm32h7xx_hal.o
 .ARM.attributes
                0x0000016d       0x32 ./Drivers/STM32H7xx_HAL_Driver/Src/stm32h7xx_hal_cortex.o
 .ARM.attributes
                0x0000019f       0x32 ./Drivers/STM32H7xx_HAL_Driver/Src/stm32h7xx_hal_eth.o
 .ARM.attributes
                0x000001d1       0x32 ./Drivers/STM32H7xx_HAL_Driver/Src/stm32h7xx_hal_gpio.o
 .ARM.attributes
                0x00000203       0x32 ./Drivers/STM32H7xx_HAL_Driver/Src/stm32h7xx_hal_i2c.o
 .ARM.attributes
                0x00000235       0x32 ./Drivers/STM32H7xx_HAL_Driver/Src/stm32h7xx_hal_i2c_ex.o
 .ARM.attributes
                0x00000267       0x32 ./Drivers/STM32H7xx_HAL_Driver/Src/stm32h7xx_hal_pwr_ex.o
 .ARM.attributes
                0x00000299       0x32 ./Drivers/STM32H7xx_HAL_Driver/Src/stm32h7xx_hal_rcc.o
 .ARM.attributes
                0x000002cb       0x32 ./Drivers/STM32H7xx_HAL_Driver/Src/stm32h7xx_hal_rcc_ex.o
 .ARM.attributes
                0x000002fd       0x32 ./Drivers/STM32H7xx_HAL_Driver/Src/stm32h7xx_hal_uart.o
 .ARM.attributes
                0x0000032f       0x32 ./Drivers/STM32H7xx_HAL_Driver/Src/stm32h7xx_hal_uart_ex.o
 .ARM.attributes
                0x00000361       0x32 /opt/st/stm32cubeide_1.16.1/plugins/com.st.stm32cube.ide.mcu.externaltools.gnu-tools-for-stm32.12.3.rel1.linux64_1.0.200.202406132123/tools/bin/../lib/gcc/arm-none-eabi/12.3.1/../../../../arm-none-eabi/lib/thumb/v7e-m+dp/hard/libc_nano.a(libc_a-memset.o)
 .ARM.attributes
                0x00000393       0x32 /opt/st/stm32cubeide_1.16.1/plugins/com.st.stm32cube.ide.mcu.externaltools.gnu-tools-for-stm32.12.3.rel1.linux64_1.0.200.202406132123/tools/bin/../lib/gcc/arm-none-eabi/12.3.1/../../../../arm-none-eabi/lib/thumb/v7e-m+dp/hard/libc_nano.a(libc_a-init.o)
 .ARM.attributes
                0x000003c5       0x20 /opt/st/stm32cubeide_1.16.1/plugins/com.st.stm32cube.ide.mcu.externaltools.gnu-tools-for-stm32.12.3.rel1.linux64_1.0.200.202406132123/tools/bin/../lib/gcc/arm-none-eabi/12.3.1/thumb/v7e-m+dp/hard/libgcc.a(_aeabi_uldivmod.o)
 .ARM.attributes
                0x000003e5       0x32 /opt/st/stm32cubeide_1.16.1/plugins/com.st.stm32cube.ide.mcu.externaltools.gnu-tools-for-stm32.12.3.rel1.linux64_1.0.200.202406132123/tools/bin/../lib/gcc/arm-none-eabi/12.3.1/thumb/v7e-m+dp/hard/libgcc.a(_udivmoddi4.o)
 .ARM.attributes
                0x00000417       0x20 /opt/st/stm32cubeide_1.16.1/plugins/com.st.stm32cube.ide.mcu.externaltools.gnu-tools-for-stm32.12.3.rel1.linux64_1.0.200.202406132123/tools/bin/../lib/gcc/arm-none-eabi/12.3.1/thumb/v7e-m+dp/hard/libgcc.a(_dvmd_tls.o)
 .ARM.attributes
                0x00000437       0x20 /opt/st/stm32cubeide_1.16.1/plugins/com.st.stm32cube.ide.mcu.externaltools.gnu-tools-for-stm32.12.3.rel1.linux64_1.0.200.202406132123/tools/bin/../lib/gcc/arm-none-eabi/12.3.1/thumb/v7e-m+dp/hard/crtn.o
OUTPUT(robosoccer-stm32.elf elf32-littlearm)
LOAD linker stubs
LOAD /opt/st/stm32cubeide_1.16.1/plugins/com.st.stm32cube.ide.mcu.externaltools.gnu-tools-for-stm32.12.3.rel1.linux64_1.0.200.202406132123/tools/bin/../lib/gcc/arm-none-eabi/12.3.1/../../../../arm-none-eabi/lib/thumb/v7e-m+dp/hard/libc.a
LOAD /opt/st/stm32cubeide_1.16.1/plugins/com.st.stm32cube.ide.mcu.externaltools.gnu-tools-for-stm32.12.3.rel1.linux64_1.0.200.202406132123/tools/bin/../lib/gcc/arm-none-eabi/12.3.1/../../../../arm-none-eabi/lib/thumb/v7e-m+dp/hard/libm.a
LOAD /opt/st/stm32cubeide_1.16.1/plugins/com.st.stm32cube.ide.mcu.externaltools.gnu-tools-for-stm32.12.3.rel1.linux64_1.0.200.202406132123/tools/bin/../lib/gcc/arm-none-eabi/12.3.1/thumb/v7e-m+dp/hard/libgcc.a

.debug_info     0x00000000    0x18134
 .debug_info    0x00000000     0x3b04 ./Core/Src/main.o
 .debug_info    0x00003b04     0x23b9 ./Core/Src/stm32h7xx_hal_msp.o
 .debug_info    0x00005ebd      0x128 ./Core/Src/stm32h7xx_it.o
 .debug_info    0x00005fe5      0xb2e ./Core/Src/system_stm32h7xx.o
 .debug_info    0x00006b13       0x30 ./Core/Startup/startup_stm32h723zgtx.o
 .debug_info    0x00006b43     0x1698 ./Drivers/STM32H7xx_HAL_Driver/Src/stm32h7xx_hal.o
 .debug_info    0x000081db     0x10a0 ./Drivers/STM32H7xx_HAL_Driver/Src/stm32h7xx_hal_cortex.o
 .debug_info    0x0000927b     0x2a22 ./Drivers/STM32H7xx_HAL_Driver/Src/stm32h7xx_hal_eth.o
 .debug_info    0x0000bc9d      0xc5c ./Drivers/STM32H7xx_HAL_Driver/Src/stm32h7xx_hal_gpio.o
 .debug_info    0x0000c8f9     0x22a1 ./Drivers/STM32H7xx_HAL_Driver/Src/stm32h7xx_hal_i2c.o
 .debug_info    0x0000eb9a      0xd95 ./Drivers/STM32H7xx_HAL_Driver/Src/stm32h7xx_hal_i2c_ex.o
 .debug_info    0x0000f92f      0xdc4 ./Drivers/STM32H7xx_HAL_Driver/Src/stm32h7xx_hal_pwr_ex.o
 .debug_info    0x000106f3      0xd73 ./Drivers/STM32H7xx_HAL_Driver/Src/stm32h7xx_hal_rcc.o
 .debug_info    0x00011466     0x11fc ./Drivers/STM32H7xx_HAL_Driver/Src/stm32h7xx_hal_rcc_ex.o
 .debug_info    0x00012662     0x4b13 ./Drivers/STM32H7xx_HAL_Driver/Src/stm32h7xx_hal_uart.o
 .debug_info    0x00017175      0xfbf ./Drivers/STM32H7xx_HAL_Driver/Src/stm32h7xx_hal_uart_ex.o

.debug_abbrev   0x00000000     0x2524
 .debug_abbrev  0x00000000      0x3c2 ./Core/Src/main.o
 .debug_abbrev  0x000003c2      0x265 ./Core/Src/stm32h7xx_hal_msp.o
 .debug_abbrev  0x00000627       0x73 ./Core/Src/stm32h7xx_it.o
 .debug_abbrev  0x0000069a      0x13a ./Core/Src/system_stm32h7xx.o
 .debug_abbrev  0x000007d4       0x24 ./Core/Startup/startup_stm32h723zgtx.o
 .debug_abbrev  0x000007f8      0x29e ./Drivers/STM32H7xx_HAL_Driver/Src/stm32h7xx_hal.o
 .debug_abbrev  0x00000a96      0x339 ./Drivers/STM32H7xx_HAL_Driver/Src/stm32h7xx_hal_cortex.o
 .debug_abbrev  0x00000dcf      0x347 ./Drivers/STM32H7xx_HAL_Driver/Src/stm32h7xx_hal_eth.o
 .debug_abbrev  0x00001116      0x1fe ./Drivers/STM32H7xx_HAL_Driver/Src/stm32h7xx_hal_gpio.o
 .debug_abbrev  0x00001314      0x25d ./Drivers/STM32H7xx_HAL_Driver/Src/stm32h7xx_hal_i2c.o
 .debug_abbrev  0x00001571      0x1f5 ./Drivers/STM32H7xx_HAL_Driver/Src/stm32h7xx_hal_i2c_ex.o
 .debug_abbrev  0x00001766      0x295 ./Drivers/STM32H7xx_HAL_Driver/Src/stm32h7xx_hal_pwr_ex.o
 .debug_abbrev  0x000019fb      0x2b1 ./Drivers/STM32H7xx_HAL_Driver/Src/stm32h7xx_hal_rcc.o
 .debug_abbrev  0x00001cac      0x269 ./Drivers/STM32H7xx_HAL_Driver/Src/stm32h7xx_hal_rcc_ex.o
 .debug_abbrev  0x00001f15      0x33d ./Drivers/STM32H7xx_HAL_Driver/Src/stm32h7xx_hal_uart.o
 .debug_abbrev  0x00002252      0x2d2 ./Drivers/STM32H7xx_HAL_Driver/Src/stm32h7xx_hal_uart_ex.o

.debug_aranges  0x00000000      0xf38
 .debug_aranges
                0x00000000       0x70 ./Core/Src/main.o
 .debug_aranges
                0x00000070       0x50 ./Core/Src/stm32h7xx_hal_msp.o
 .debug_aranges
                0x000000c0       0x60 ./Core/Src/stm32h7xx_it.o
 .debug_aranges
                0x00000120       0x28 ./Core/Src/system_stm32h7xx.o
 .debug_aranges
                0x00000148       0x28 ./Core/Startup/startup_stm32h723zgtx.o
 .debug_aranges
                0x00000170      0x1c8 ./Drivers/STM32H7xx_HAL_Driver/Src/stm32h7xx_hal.o
 .debug_aranges
                0x00000338      0x130 ./Drivers/STM32H7xx_HAL_Driver/Src/stm32h7xx_hal_cortex.o
 .debug_aranges
                0x00000468      0x1d8 ./Drivers/STM32H7xx_HAL_Driver/Src/stm32h7xx_hal_eth.o
 .debug_aranges
                0x00000640       0x58 ./Drivers/STM32H7xx_HAL_Driver/Src/stm32h7xx_hal_gpio.o
 .debug_aranges
                0x00000698      0x2a0 ./Drivers/STM32H7xx_HAL_Driver/Src/stm32h7xx_hal_i2c.o
 .debug_aranges
                0x00000938       0x48 ./Drivers/STM32H7xx_HAL_Driver/Src/stm32h7xx_hal_i2c_ex.o
 .debug_aranges
                0x00000980      0x148 ./Drivers/STM32H7xx_HAL_Driver/Src/stm32h7xx_hal_pwr_ex.o
 .debug_aranges
                0x00000ac8       0x88 ./Drivers/STM32H7xx_HAL_Driver/Src/stm32h7xx_hal_rcc.o
 .debug_aranges
                0x00000b50       0xf8 ./Drivers/STM32H7xx_HAL_Driver/Src/stm32h7xx_hal_rcc_ex.o
 .debug_aranges
                0x00000c48      0x248 ./Drivers/STM32H7xx_HAL_Driver/Src/stm32h7xx_hal_uart.o
 .debug_aranges
                0x00000e90       0xa8 ./Drivers/STM32H7xx_HAL_Driver/Src/stm32h7xx_hal_uart_ex.o

.debug_rnglists
                0x00000000      0xbe9
 .debug_rnglists
                0x00000000       0x57 ./Core/Src/main.o
 .debug_rnglists
                0x00000057       0x3c ./Core/Src/stm32h7xx_hal_msp.o
 .debug_rnglists
                0x00000093       0x43 ./Core/Src/stm32h7xx_it.o
 .debug_rnglists
                0x000000d6       0x1b ./Core/Src/system_stm32h7xx.o
 .debug_rnglists
                0x000000f1       0x19 ./Core/Startup/startup_stm32h723zgtx.o
 .debug_rnglists
                0x0000010a      0x155 ./Drivers/STM32H7xx_HAL_Driver/Src/stm32h7xx_hal.o
 .debug_rnglists
                0x0000025f       0xe0 ./Drivers/STM32H7xx_HAL_Driver/Src/stm32h7xx_hal_cortex.o
 .debug_rnglists
                0x0000033f      0x176 ./Drivers/STM32H7xx_HAL_Driver/Src/stm32h7xx_hal_eth.o
 .debug_rnglists
                0x000004b5       0x3f ./Drivers/STM32H7xx_HAL_Driver/Src/stm32h7xx_hal_gpio.o
 .debug_rnglists
                0x000004f4      0x22a ./Drivers/STM32H7xx_HAL_Driver/Src/stm32h7xx_hal_i2c.o
 .debug_rnglists
                0x0000071e       0x35 ./Drivers/STM32H7xx_HAL_Driver/Src/stm32h7xx_hal_i2c_ex.o
 .debug_rnglists
                0x00000753       0xf5 ./Drivers/STM32H7xx_HAL_Driver/Src/stm32h7xx_hal_pwr_ex.o
 .debug_rnglists
                0x00000848       0x68 ./Drivers/STM32H7xx_HAL_Driver/Src/stm32h7xx_hal_rcc.o
 .debug_rnglists
                0x000008b0       0xc0 ./Drivers/STM32H7xx_HAL_Driver/Src/stm32h7xx_hal_rcc_ex.o
 .debug_rnglists
                0x00000970      0x1fa ./Drivers/STM32H7xx_HAL_Driver/Src/stm32h7xx_hal_uart.o
 .debug_rnglists
                0x00000b6a       0x7f ./Drivers/STM32H7xx_HAL_Driver/Src/stm32h7xx_hal_uart_ex.o

.debug_macro    0x00000000    0x3587f
 .debug_macro   0x00000000      0x383 ./Core/Src/main.o
 .debug_macro   0x00000383      0xba4 ./Core/Src/main.o
 .debug_macro   0x00000f27      0x238 ./Core/Src/main.o
 .debug_macro   0x0000115f       0x2e ./Core/Src/main.o
 .debug_macro   0x0000118d       0x3b ./Core/Src/main.o
 .debug_macro   0x000011c8       0x1c ./Core/Src/main.o
 .debug_macro   0x000011e4       0x22 ./Core/Src/main.o
 .debug_macro   0x00001206       0x8e ./Core/Src/main.o
 .debug_macro   0x00001294       0x51 ./Core/Src/main.o
 .debug_macro   0x000012e5      0x103 ./Core/Src/main.o
 .debug_macro   0x000013e8       0x6a ./Core/Src/main.o
 .debug_macro   0x00001452      0x1df ./Core/Src/main.o
 .debug_macro   0x00001631       0x1c ./Core/Src/main.o
 .debug_macro   0x0000164d       0x22 ./Core/Src/main.o
 .debug_macro   0x0000166f       0xfb ./Core/Src/main.o
 .debug_macro   0x0000176a     0x1305 ./Core/Src/main.o
 .debug_macro   0x00002a6f      0x11f ./Core/Src/main.o
 .debug_macro   0x00002b8e       0x27 ./Core/Src/main.o
 .debug_macro   0x00002bb5    0x2127f ./Core/Src/main.o
 .debug_macro   0x00023e34       0x6d ./Core/Src/main.o
 .debug_macro   0x00023ea1     0x3d64 ./Core/Src/main.o
 .debug_macro   0x00027c05      0x190 ./Core/Src/main.o
 .debug_macro   0x00027d95      0x1d6 ./Core/Src/main.o
 .debug_macro   0x00027f6b       0x10 ./Core/Src/main.o
 .debug_macro   0x00027f7b      0x417 ./Core/Src/main.o
 .debug_macro   0x00028392       0x18 ./Core/Src/main.o
 .debug_macro   0x000283aa       0x61 ./Core/Src/main.o
 .debug_macro   0x0002840b       0x29 ./Core/Src/main.o
 .debug_macro   0x00028434       0x43 ./Core/Src/main.o
 .debug_macro   0x00028477       0x34 ./Core/Src/main.o
 .debug_macro   0x000284ab       0x16 ./Core/Src/main.o
 .debug_macro   0x000284c1       0x43 ./Core/Src/main.o
 .debug_macro   0x00028504       0x34 ./Core/Src/main.o
 .debug_macro   0x00028538       0x10 ./Core/Src/main.o
 .debug_macro   0x00028548       0x58 ./Core/Src/main.o
 .debug_macro   0x000285a0       0x8e ./Core/Src/main.o
 .debug_macro   0x0002862e       0x16 ./Core/Src/main.o
 .debug_macro   0x00028644      0x177 ./Core/Src/main.o
 .debug_macro   0x000287bb      0x38c ./Core/Src/main.o
 .debug_macro   0x00028b47      0x194 ./Core/Src/main.o
 .debug_macro   0x00028cdb       0x10 ./Core/Src/main.o
 .debug_macro   0x00028ceb       0x16 ./Core/Src/main.o
 .debug_macro   0x00028d01       0x35 ./Core/Src/main.o
 .debug_macro   0x00028d36       0x16 ./Core/Src/main.o
 .debug_macro   0x00028d4c       0x29 ./Core/Src/main.o
 .debug_macro   0x00028d75       0x10 ./Core/Src/main.o
 .debug_macro   0x00028d85      0x3c7 ./Core/Src/main.o
 .debug_macro   0x0002914c       0x5d ./Core/Src/main.o
 .debug_macro   0x000291a9     0x2462 ./Core/Src/main.o
 .debug_macro   0x0002b60b     0x1079 ./Core/Src/main.o
 .debug_macro   0x0002c684      0x154 ./Core/Src/main.o
 .debug_macro   0x0002c7d8      0x114 ./Core/Src/main.o
 .debug_macro   0x0002c8ec      0x3fc ./Core/Src/main.o
 .debug_macro   0x0002cce8       0xac ./Core/Src/main.o
 .debug_macro   0x0002cd94      0x788 ./Core/Src/main.o
 .debug_macro   0x0002d51c      0x228 ./Core/Src/main.o
 .debug_macro   0x0002d744       0x66 ./Core/Src/main.o
 .debug_macro   0x0002d7aa      0x3a6 ./Core/Src/main.o
 .debug_macro   0x0002db50      0xa80 ./Core/Src/main.o
 .debug_macro   0x0002e5d0      0x129 ./Core/Src/main.o
 .debug_macro   0x0002e6f9      0x3f9 ./Core/Src/main.o
 .debug_macro   0x0002eaf2      0x275 ./Core/Src/main.o
 .debug_macro   0x0002ed67      0x3ca ./Core/Src/main.o
 .debug_macro   0x0002f131      0x45c ./Core/Src/main.o
 .debug_macro   0x0002f58d       0x3c ./Core/Src/main.o
 .debug_macro   0x0002f5c9       0x4a ./Core/Src/main.o
 .debug_macro   0x0002f613      0x22c ./Core/Src/main.o
 .debug_macro   0x0002f83f       0x67 ./Core/Src/main.o
 .debug_macro   0x0002f8a6       0xa5 ./Core/Src/main.o
 .debug_macro   0x0002f94b      0x1c4 ./Core/Src/main.o
 .debug_macro   0x0002fb0f      0x22a ./Core/Src/main.o
 .debug_macro   0x0002fd39       0x35 ./Core/Src/main.o
 .debug_macro   0x0002fd6e      0x693 ./Core/Src/main.o
 .debug_macro   0x00030401       0xa6 ./Core/Src/main.o
 .debug_macro   0x000304a7      0x5e6 ./Core/Src/main.o
 .debug_macro   0x00030a8d      0x130 ./Core/Src/main.o
 .debug_macro   0x00030bbd       0x16 ./Core/Src/main.o
 .debug_macro   0x00030bd3       0x20 ./Core/Src/main.o
 .debug_macro   0x00030bf3      0x2b7 ./Core/Src/stm32h7xx_hal_msp.o
 .debug_macro   0x00030eaa      0xacc ./Core/Src/stm32h7xx_hal_msp.o
 .debug_macro   0x00031976     0x1305 ./Core/Src/stm32h7xx_hal_msp.o
 .debug_macro   0x00032c7b      0x189 ./Core/Src/stm32h7xx_hal_msp.o
 .debug_macro   0x00032e04       0x34 ./Core/Src/stm32h7xx_hal_msp.o
 .debug_macro   0x00032e38       0x43 ./Core/Src/stm32h7xx_hal_msp.o
 .debug_macro   0x00032e7b       0x1c ./Core/Src/stm32h7xx_hal_msp.o
 .debug_macro   0x00032e97      0x369 ./Core/Src/stm32h7xx_hal_msp.o
 .debug_macro   0x00033200      0x19b ./Core/Src/stm32h7xx_hal_msp.o
 .debug_macro   0x0003339b      0x2c1 ./Core/Src/stm32h7xx_it.o
 .debug_macro   0x0003365c      0x2a8 ./Core/Src/system_stm32h7xx.o
 .debug_macro   0x00033904      0x2d2 ./Drivers/STM32H7xx_HAL_Driver/Src/stm32h7xx_hal.o
 .debug_macro   0x00033bd6      0x2a8 ./Drivers/STM32H7xx_HAL_Driver/Src/stm32h7xx_hal_cortex.o
 .debug_macro   0x00033e7e      0x33c ./Drivers/STM32H7xx_HAL_Driver/Src/stm32h7xx_hal_eth.o
 .debug_macro   0x000341ba      0x2af ./Drivers/STM32H7xx_HAL_Driver/Src/stm32h7xx_hal_gpio.o
 .debug_macro   0x00034469      0x374 ./Drivers/STM32H7xx_HAL_Driver/Src/stm32h7xx_hal_i2c.o
 .debug_macro   0x000347dd      0x2a8 ./Drivers/STM32H7xx_HAL_Driver/Src/stm32h7xx_hal_i2c_ex.o
 .debug_macro   0x00034a85      0x2e1 ./Drivers/STM32H7xx_HAL_Driver/Src/stm32h7xx_hal_pwr_ex.o
 .debug_macro   0x00034d66      0x2cc ./Drivers/STM32H7xx_HAL_Driver/Src/stm32h7xx_hal_rcc.o
 .debug_macro   0x00035032      0x2c6 ./Drivers/STM32H7xx_HAL_Driver/Src/stm32h7xx_hal_rcc_ex.o
 .debug_macro   0x000352f8      0x2d3 ./Drivers/STM32H7xx_HAL_Driver/Src/stm32h7xx_hal_uart.o
 .debug_macro   0x000355cb      0x2b4 ./Drivers/STM32H7xx_HAL_Driver/Src/stm32h7xx_hal_uart_ex.o

.debug_line     0x00000000    0x1433f
 .debug_line    0x00000000      0xf1e ./Core/Src/main.o
 .debug_line    0x00000f1e      0xa37 ./Core/Src/stm32h7xx_hal_msp.o
 .debug_line    0x00001955      0x8dc ./Core/Src/stm32h7xx_it.o
 .debug_line    0x00002231      0x9ca ./Core/Src/system_stm32h7xx.o
 .debug_line    0x00002bfb       0x7a ./Core/Startup/startup_stm32h723zgtx.o
 .debug_line    0x00002c75      0xe5b ./Drivers/STM32H7xx_HAL_Driver/Src/stm32h7xx_hal.o
 .debug_line    0x00003ad0      0xdf9 ./Drivers/STM32H7xx_HAL_Driver/Src/stm32h7xx_hal_cortex.o
 .debug_line    0x000048c9     0x1b63 ./Drivers/STM32H7xx_HAL_Driver/Src/stm32h7xx_hal_eth.o
 .debug_line    0x0000642c      0xc8e ./Drivers/STM32H7xx_HAL_Driver/Src/stm32h7xx_hal_gpio.o
 .debug_line    0x000070ba     0x3e36 ./Drivers/STM32H7xx_HAL_Driver/Src/stm32h7xx_hal_i2c.o
 .debug_line    0x0000aef0      0xa37 ./Drivers/STM32H7xx_HAL_Driver/Src/stm32h7xx_hal_i2c_ex.o
 .debug_line    0x0000b927      0xe48 ./Drivers/STM32H7xx_HAL_Driver/Src/stm32h7xx_hal_pwr_ex.o
 .debug_line    0x0000c76f     0x12f1 ./Drivers/STM32H7xx_HAL_Driver/Src/stm32h7xx_hal_rcc.o
 .debug_line    0x0000da60     0x1bc0 ./Drivers/STM32H7xx_HAL_Driver/Src/stm32h7xx_hal_rcc_ex.o
 .debug_line    0x0000f620     0x3eb7 ./Drivers/STM32H7xx_HAL_Driver/Src/stm32h7xx_hal_uart.o
 .debug_line    0x000134d7      0xe68 ./Drivers/STM32H7xx_HAL_Driver/Src/stm32h7xx_hal_uart_ex.o

.debug_str      0x00000000   0x1494bd
 .debug_str     0x00000000   0x143bab ./Core/Src/main.o
                             0x14452d (size before relaxing)
 .debug_str     0x00143bab      0x699 ./Core/Src/stm32h7xx_hal_msp.o
                             0x14126c (size before relaxing)
 .debug_str     0x00144244       0xc9 ./Core/Src/stm32h7xx_it.o
                             0x13fb61 (size before relaxing)
 .debug_str     0x0014430d      0x292 ./Core/Src/system_stm32h7xx.o
                             0x13fab3 (size before relaxing)
 .debug_str     0x0014459f       0x44 ./Core/Startup/startup_stm32h723zgtx.o
                                 0xaa (size before relaxing)
 .debug_str     0x001445e3     0x10ae ./Drivers/STM32H7xx_HAL_Driver/Src/stm32h7xx_hal.o
                             0x140b3d (size before relaxing)
 .debug_str     0x00145691      0x38b ./Drivers/STM32H7xx_HAL_Driver/Src/stm32h7xx_hal_cortex.o
                             0x140457 (size before relaxing)
 .debug_str     0x00145a1c     0x102b ./Drivers/STM32H7xx_HAL_Driver/Src/stm32h7xx_hal_eth.o
                             0x1413cc (size before relaxing)
 .debug_str     0x00146a47       0xec ./Drivers/STM32H7xx_HAL_Driver/Src/stm32h7xx_hal_gpio.o
                             0x13fafe (size before relaxing)
 .debug_str     0x00146b33      0xe44 ./Drivers/STM32H7xx_HAL_Driver/Src/stm32h7xx_hal_i2c.o
                             0x140b94 (size before relaxing)
 .debug_str     0x00147977       0xb8 ./Drivers/STM32H7xx_HAL_Driver/Src/stm32h7xx_hal_i2c_ex.o
                             0x13ff43 (size before relaxing)
 .debug_str     0x00147a2f      0x5e7 ./Drivers/STM32H7xx_HAL_Driver/Src/stm32h7xx_hal_pwr_ex.o
                             0x13ff06 (size before relaxing)
 .debug_str     0x00148016      0x21a ./Drivers/STM32H7xx_HAL_Driver/Src/stm32h7xx_hal_rcc.o
                             0x13fe81 (size before relaxing)
 .debug_str     0x00148230      0x639 ./Drivers/STM32H7xx_HAL_Driver/Src/stm32h7xx_hal_rcc_ex.o
                             0x140399 (size before relaxing)
 .debug_str     0x00148869      0x9f3 ./Drivers/STM32H7xx_HAL_Driver/Src/stm32h7xx_hal_uart.o
                             0x140a21 (size before relaxing)
 .debug_str     0x0014925c      0x261 ./Drivers/STM32H7xx_HAL_Driver/Src/stm32h7xx_hal_uart_ex.o
                             0x13ffe1 (size before relaxing)

.comment        0x00000000       0x43
 .comment       0x00000000       0x43 ./Core/Src/main.o
                                 0x44 (size before relaxing)
 .comment       0x00000043       0x44 ./Core/Src/stm32h7xx_hal_msp.o
 .comment       0x00000043       0x44 ./Core/Src/stm32h7xx_it.o
 .comment       0x00000043       0x44 ./Core/Src/system_stm32h7xx.o
 .comment       0x00000043       0x44 ./Drivers/STM32H7xx_HAL_Driver/Src/stm32h7xx_hal.o
 .comment       0x00000043       0x44 ./Drivers/STM32H7xx_HAL_Driver/Src/stm32h7xx_hal_cortex.o
 .comment       0x00000043       0x44 ./Drivers/STM32H7xx_HAL_Driver/Src/stm32h7xx_hal_eth.o
 .comment       0x00000043       0x44 ./Drivers/STM32H7xx_HAL_Driver/Src/stm32h7xx_hal_gpio.o
 .comment       0x00000043       0x44 ./Drivers/STM32H7xx_HAL_Driver/Src/stm32h7xx_hal_i2c.o
 .comment       0x00000043       0x44 ./Drivers/STM32H7xx_HAL_Driver/Src/stm32h7xx_hal_i2c_ex.o
 .comment       0x00000043       0x44 ./Drivers/STM32H7xx_HAL_Driver/Src/stm32h7xx_hal_pwr_ex.o
 .comment       0x00000043       0x44 ./Drivers/STM32H7xx_HAL_Driver/Src/stm32h7xx_hal_rcc.o
 .comment       0x00000043       0x44 ./Drivers/STM32H7xx_HAL_Driver/Src/stm32h7xx_hal_rcc_ex.o
 .comment       0x00000043       0x44 ./Drivers/STM32H7xx_HAL_Driver/Src/stm32h7xx_hal_uart.o
 .comment       0x00000043       0x44 ./Drivers/STM32H7xx_HAL_Driver/Src/stm32h7xx_hal_uart_ex.o

.debug_frame    0x00000000     0x40a0
 .debug_frame   0x00000000      0x154 ./Core/Src/main.o
 .debug_frame   0x00000154      0x118 ./Core/Src/stm32h7xx_hal_msp.o
 .debug_frame   0x0000026c      0x104 ./Core/Src/stm32h7xx_it.o
 .debug_frame   0x00000370       0x58 ./Core/Src/system_stm32h7xx.o
 .debug_frame   0x000003c8      0x760 ./Drivers/STM32H7xx_HAL_Driver/Src/stm32h7xx_hal.o
 .debug_frame   0x00000b28      0x508 ./Drivers/STM32H7xx_HAL_Driver/Src/stm32h7xx_hal_cortex.o
 .debug_frame   0x00001030      0x894 ./Drivers/STM32H7xx_HAL_Driver/Src/stm32h7xx_hal_eth.o
 .debug_frame   0x000018c4      0x14c ./Drivers/STM32H7xx_HAL_Driver/Src/stm32h7xx_hal_gpio.o
 .debug_frame   0x00001a10      0xc40 ./Drivers/STM32H7xx_HAL_Driver/Src/stm32h7xx_hal_i2c.o
 .debug_frame   0x00002650      0x100 ./Drivers/STM32H7xx_HAL_Driver/Src/stm32h7xx_hal_i2c_ex.o
 .debug_frame   0x00002750      0x540 ./Drivers/STM32H7xx_HAL_Driver/Src/stm32h7xx_hal_pwr_ex.o
 .debug_frame   0x00002c90      0x1fc ./Drivers/STM32H7xx_HAL_Driver/Src/stm32h7xx_hal_rcc.o
 .debug_frame   0x00002e8c      0x414 ./Drivers/STM32H7xx_HAL_Driver/Src/stm32h7xx_hal_rcc_ex.o
 .debug_frame   0x000032a0      0xa94 ./Drivers/STM32H7xx_HAL_Driver/Src/stm32h7xx_hal_uart.o
 .debug_frame   0x00003d34      0x2c0 ./Drivers/STM32H7xx_HAL_Driver/Src/stm32h7xx_hal_uart_ex.o
 .debug_frame   0x00003ff4       0x20 /opt/st/stm32cubeide_1.16.1/plugins/com.st.stm32cube.ide.mcu.externaltools.gnu-tools-for-stm32.12.3.rel1.linux64_1.0.200.202406132123/tools/bin/../lib/gcc/arm-none-eabi/12.3.1/../../../../arm-none-eabi/lib/thumb/v7e-m+dp/hard/libc_nano.a(libc_a-memset.o)
 .debug_frame   0x00004014       0x2c /opt/st/stm32cubeide_1.16.1/plugins/com.st.stm32cube.ide.mcu.externaltools.gnu-tools-for-stm32.12.3.rel1.linux64_1.0.200.202406132123/tools/bin/../lib/gcc/arm-none-eabi/12.3.1/../../../../arm-none-eabi/lib/thumb/v7e-m+dp/hard/libc_nano.a(libc_a-init.o)
 .debug_frame   0x00004040       0x2c /opt/st/stm32cubeide_1.16.1/plugins/com.st.stm32cube.ide.mcu.externaltools.gnu-tools-for-stm32.12.3.rel1.linux64_1.0.200.202406132123/tools/bin/../lib/gcc/arm-none-eabi/12.3.1/thumb/v7e-m+dp/hard/libgcc.a(_aeabi_uldivmod.o)
 .debug_frame   0x0000406c       0x34 /opt/st/stm32cubeide_1.16.1/plugins/com.st.stm32cube.ide.mcu.externaltools.gnu-tools-for-stm32.12.3.rel1.linux64_1.0.200.202406132123/tools/bin/../lib/gcc/arm-none-eabi/12.3.1/thumb/v7e-m+dp/hard/libgcc.a(_udivmoddi4.o)

.debug_line_str
                0x00000000       0x8e
 .debug_line_str
                0x00000000       0x8e ./Core/Startup/startup_stm32h723zgtx.o
